==============================================
start myParallelize
maxjobs: 7
2014-07-10-16h59m20s Start python SymReg.py ../inputs/Model_MembraneMatlab.txt ../inputs/MutationParameters_Full.txt ./TEST_RUN_RegSym/run_memb_Ful 20 10000 100
2014-07-10-16h59m20s Start python SymReg.py ../inputs/Model_MembraneMatlab.txt ../inputs/MutationParameters_Spe.txt ./TEST_RUN_RegSym/run_memb_Spe 20 10000 100
2014-07-10-16h59m21s Start python SymReg.py ../inputs/Model_MembraneMatlab.txt ../inputs/MutationParameters_Basic.txt ./TEST_RUN_RegSym/run_memb_Bas 20 10000 100
2014-07-10-16h59m21s Start python SymReg.py ../inputs/Model_Davidson1.txt ../inputs/MutationParameters_Full.txt ./TEST_RUN_RegSym/run_dav1_Ful 20 10000 100
2014-07-10-16h59m21s Start python SymReg.py ../inputs/Model_Davidson1.txt ../inputs/MutationParameters_Spe.txt ./TEST_RUN_RegSym/run_dav1_Spe 20 10000 100
2014-07-10-16h59m21s Start python SymReg.py ../inputs/Model_Davidson1.txt ../inputs/MutationParameters_Basic.txt ./TEST_RUN_RegSym/run_dav1_Bas 20 10000 100
2014-07-10-16h59m21s Start python SymReg.py ../inputs/Model_SinusCardinal2D.txt ../inputs/MutationParameters_Full.txt ./TEST_RUN_RegSym/run_sinc_Ful 20 10000 100
2014-07-12-16h17m41s Start python SymReg.py ../inputs/Model_SinusCardinal2D.txt ../inputs/MutationParameters_Spe.txt ./TEST_RUN_RegSym/run_sinc_Spe 20 10000 100
2014-07-12-18h23m34s Start python SymReg.py ../inputs/Model_SinusCardinal2D.txt ../inputs/MutationParameters_Basic.txt ./TEST_RUN_RegSym/run_sinc_Bas 20 10000 100
2014-07-15- 1h05m26s Start python SymReg.py ../inputs/Model_ColebrookWhite.txt ../inputs/MutationParameters_Full.txt ./TEST_RUN_RegSym/run_cole_Ful 20 10000 100
2014-07-15- 1h05m26s Start python SymReg.py ../inputs/Model_ColebrookWhite.txt ../inputs/MutationParameters_Spe.txt ./TEST_RUN_RegSym/run_cole_Spe 20 10000 100
2014-07-15-10h03m15s Start python SymReg.py ../inputs/Model_ColebrookWhite.txt ../inputs/MutationParameters_Basic.txt ./TEST_RUN_RegSym/run_cole_Bas 20 10000 100
2014-07-15-22h47m01s Start python SymReg.py ../inputs/Model_Quintic.txt ../inputs/MutationParameters_Full.txt ./TEST_RUN_RegSym/run_quin_Ful 20 10000 100
2014-07-17- 9h50m14s Start python SymReg.py ../inputs/Model_Quintic.txt ../inputs/MutationParameters_Spe.txt ./TEST_RUN_RegSym/run_quin_Spe 20 10000 100
2014-07-17-15h54m40s Start python SymReg.py ../inputs/Model_Quintic.txt ../inputs/MutationParameters_Basic.txt ./TEST_RUN_RegSym/run_quin_Bas 20 10000 100
2014-07-19-17h41m08s Start python SymReg.py ../inputs/Model_Sextic.txt ../inputs/MutationParameters_Full.txt ./TEST_RUN_RegSym/run_sext_Ful 20 10000 100
2014-07-26- 3h42m31s Start python SymReg.py ../inputs/Model_Sextic.txt ../inputs/MutationParameters_Spe.txt ./TEST_RUN_RegSym/run_sext_Spe 20 10000 100
2014-07-26- 3h42m31s Start python SymReg.py ../inputs/Model_Sextic.txt ../inputs/MutationParameters_Basic.txt ./TEST_RUN_RegSym/run_sext_Bas 20 10000 100
