DataFile: ../inputs/Model_Davidson1.txt
ParamFile: ../inputs/MutationParameters_Spe.txt
DirName: ./TEST_RUN_RegSym/run_dav1_Spe
RunNb: 20
GenNb: 10000
IndNb: 100
Loading of the set of operators in file : ../inputs/operatorsList.txt
Mutation Parameters: [ 0.   0.4  0.4  0.4  2.   0.2  0.1  0.7  0.1  0.   0.   1.5  2. ]
Model : ../inputs/Model_Davidson1.txt
Chargement du modele de reference
   Nombre de points du domaine d'apprentissage : 20
   Nombre de variables : 3
   Input Data Type : ['float', 'float', 'float', 'float']
Error calculation method: mse
Worse possible error: 10032.2068316
Post-Processing: scalling
Finished ./TEST_RUN_RegSym/run_dav1_Spe_001
Finished ./TEST_RUN_RegSym/run_dav1_Spe_002
Finished ./TEST_RUN_RegSym/run_dav1_Spe_003
Finished ./TEST_RUN_RegSym/run_dav1_Spe_004
Finished ./TEST_RUN_RegSym/run_dav1_Spe_005
Finished ./TEST_RUN_RegSym/run_dav1_Spe_006
Finished ./TEST_RUN_RegSym/run_dav1_Spe_007
Finished ./TEST_RUN_RegSym/run_dav1_Spe_008
Finished ./TEST_RUN_RegSym/run_dav1_Spe_009
Finished ./TEST_RUN_RegSym/run_dav1_Spe_010
Finished ./TEST_RUN_RegSym/run_dav1_Spe_011
Finished ./TEST_RUN_RegSym/run_dav1_Spe_012
Finished ./TEST_RUN_RegSym/run_dav1_Spe_013
Finished ./TEST_RUN_RegSym/run_dav1_Spe_014
Finished ./TEST_RUN_RegSym/run_dav1_Spe_015
Finished ./TEST_RUN_RegSym/run_dav1_Spe_016
Finished ./TEST_RUN_RegSym/run_dav1_Spe_017
Finished ./TEST_RUN_RegSym/run_dav1_Spe_018
Finished ./TEST_RUN_RegSym/run_dav1_Spe_019
Finished ./TEST_RUN_RegSym/run_dav1_Spe_020
DataFile: ../inputs/Model_MembraneMatlab.txt
ParamFile: ../inputs/MutationParameters_Basic.txt
DirName: ./TEST_RUN_RegSym/run_memb_Bas
RunNb: 20
GenNb: 10000
IndNb: 100
Loading of the set of operators in file : ../inputs/operatorsList.txt
Mutation Parameters: [ 0.   0.4  0.4  0.4  2.   0.2  0.1  0.   0.   0.   0.   0.   2. ]
Model : ../inputs/Model_MembraneMatlab.txt
Chargement du modele de reference
   Nombre de points du domaine d'apprentissage : 225
   Nombre de variables : 2
   Input Data Type : ['float', 'float', 'float']
Error calculation method: mse
Worse possible error: 0.108435536756
Post-Processing: scalling
Finished ./TEST_RUN_RegSym/run_memb_Bas_001
Finished ./TEST_RUN_RegSym/run_memb_Bas_002
Finished ./TEST_RUN_RegSym/run_memb_Bas_003
Finished ./TEST_RUN_RegSym/run_memb_Bas_004
Finished ./TEST_RUN_RegSym/run_memb_Bas_005
Finished ./TEST_RUN_RegSym/run_memb_Bas_006
Finished ./TEST_RUN_RegSym/run_memb_Bas_007
Finished ./TEST_RUN_RegSym/run_memb_Bas_008
Finished ./TEST_RUN_RegSym/run_memb_Bas_009
Finished ./TEST_RUN_RegSym/run_memb_Bas_010
Finished ./TEST_RUN_RegSym/run_memb_Bas_011
Finished ./TEST_RUN_RegSym/run_memb_Bas_012
Finished ./TEST_RUN_RegSym/run_memb_Bas_013
Finished ./TEST_RUN_RegSym/run_memb_Bas_014
Finished ./TEST_RUN_RegSym/run_memb_Bas_015
Finished ./TEST_RUN_RegSym/run_memb_Bas_016
Finished ./TEST_RUN_RegSym/run_memb_Bas_017
Finished ./TEST_RUN_RegSym/run_memb_Bas_018
Finished ./TEST_RUN_RegSym/run_memb_Bas_019
Finished ./TEST_RUN_RegSym/run_memb_Bas_020
DataFile: ../inputs/Model_MembraneMatlab.txt
ParamFile: ../inputs/MutationParameters_Spe.txt
DirName: ./TEST_RUN_RegSym/run_memb_Spe
RunNb: 20
GenNb: 10000
IndNb: 100
Loading of the set of operators in file : ../inputs/operatorsList.txt
Mutation Parameters: [ 0.   0.4  0.4  0.4  2.   0.2  0.1  0.7  0.1  0.   0.   1.5  2. ]
Model : ../inputs/Model_MembraneMatlab.txt
Chargement du modele de reference
   Nombre de points du domaine d'apprentissage : 225
   Nombre de variables : 2
   Input Data Type : ['float', 'float', 'float']
Error calculation method: mse
Worse possible error: 0.108435536756
Post-Processing: scalling
Finished ./TEST_RUN_RegSym/run_memb_Spe_001
Finished ./TEST_RUN_RegSym/run_memb_Spe_002
Finished ./TEST_RUN_RegSym/run_memb_Spe_003
Finished ./TEST_RUN_RegSym/run_memb_Spe_004
Finished ./TEST_RUN_RegSym/run_memb_Spe_005
Finished ./TEST_RUN_RegSym/run_memb_Spe_006
Finished ./TEST_RUN_RegSym/run_memb_Spe_007
Finished ./TEST_RUN_RegSym/run_memb_Spe_008
Finished ./TEST_RUN_RegSym/run_memb_Spe_009
Finished ./TEST_RUN_RegSym/run_memb_Spe_010
Finished ./TEST_RUN_RegSym/run_memb_Spe_011
Finished ./TEST_RUN_RegSym/run_memb_Spe_012
Finished ./TEST_RUN_RegSym/run_memb_Spe_013
Finished ./TEST_RUN_RegSym/run_memb_Spe_014
Finished ./TEST_RUN_RegSym/run_memb_Spe_015
Finished ./TEST_RUN_RegSym/run_memb_Spe_016
Finished ./TEST_RUN_RegSym/run_memb_Spe_017
Finished ./TEST_RUN_RegSym/run_memb_Spe_018
Finished ./TEST_RUN_RegSym/run_memb_Spe_019
Finished ./TEST_RUN_RegSym/run_memb_Spe_020
DataFile: ../inputs/Model_MembraneMatlab.txt
ParamFile: ../inputs/MutationParameters_Full.txt
DirName: ./TEST_RUN_RegSym/run_memb_Ful
RunNb: 20
GenNb: 10000
IndNb: 100
Loading of the set of operators in file : ../inputs/operatorsList.txt
Mutation Parameters: [ 1.7  0.4  0.4  0.4  2.   0.2  0.1  0.7  0.1  1.1  0.1  1.5  2. ]
Model : ../inputs/Model_MembraneMatlab.txt
Chargement du modele de reference
   Nombre de points du domaine d'apprentissage : 225
   Nombre de variables : 2
   Input Data Type : ['float', 'float', 'float']
Error calculation method: mse
Worse possible error: 0.108435536756
Post-Processing: scalling
Finished ./TEST_RUN_RegSym/run_memb_Ful_001
Finished ./TEST_RUN_RegSym/run_memb_Ful_002
Finished ./TEST_RUN_RegSym/run_memb_Ful_003
Finished ./TEST_RUN_RegSym/run_memb_Ful_004
Finished ./TEST_RUN_RegSym/run_memb_Ful_005
Finished ./TEST_RUN_RegSym/run_memb_Ful_006
Finished ./TEST_RUN_RegSym/run_memb_Ful_007
Finished ./TEST_RUN_RegSym/run_memb_Ful_008
Finished ./TEST_RUN_RegSym/run_memb_Ful_009
Finished ./TEST_RUN_RegSym/run_memb_Ful_010
Finished ./TEST_RUN_RegSym/run_memb_Ful_011
Finished ./TEST_RUN_RegSym/run_memb_Ful_012
Finished ./TEST_RUN_RegSym/run_memb_Ful_013
Finished ./TEST_RUN_RegSym/run_memb_Ful_014
Finished ./TEST_RUN_RegSym/run_memb_Ful_015
Finished ./TEST_RUN_RegSym/run_memb_Ful_016
Finished ./TEST_RUN_RegSym/run_memb_Ful_017
Finished ./TEST_RUN_RegSym/run_memb_Ful_018
Finished ./TEST_RUN_RegSym/run_memb_Ful_019
Finished ./TEST_RUN_RegSym/run_memb_Ful_020
